// Jest Snapshot v1, https://goo.gl/fbAQLP

exports[`Print-Job Request 1`] = `"010100020000000101470012617474726962757465732d6368617273657400057574662d3848001b617474726962757465732d6e61747572616c2d6c616e67756167650005656e2d757345000b7072696e7465722d757269002c6970703a2f2f7072696e7465722e6578616d706c652e636f6d2f6970702f7072696e742f70696e65747265654200086a6f622d6e616d650006666f6f6261722200166970702d6174747269627574652d666964656c69747900010102210006636f706965730004000000144400057369646573001374776f2d73696465642d6c6f6e672d656467650325215044462e2e2e"`;
