// Jest Snapshot v1, https://goo.gl/fbAQLP

exports[`Create-Job Request with Collection Attributes 1`] = `"010100050000000101470012617474726962757465732d6368617273657400057574662d3848001b617474726962757465732d6e61747572616c2d6c616e67756167650005656e2d757345000b7072696e7465722d757269002c6970703a2f2f7072696e7465722e6578616d706c652e636f6d2f6970702f7072696e742f70696e65747265653400096d656469612d636f6c00004a0000000a6d656469612d73697a6534000000004a0000000b782d64696d656e73696f6e2100000004000052084a0000000b792d64696d656e73696f6e21000000040000740437000000004a0000000a6d656469612d74797065440000000a73746174696f6e657279370000000003"`;
