// Jest Snapshot v1, https://goo.gl/fbAQLP

exports[`Create-Job Request 1`] = `"010100050000000101470012617474726962757465732d6368617273657400057574662d3848001b617474726962757465732d6e61747572616c2d6c616e67756167650005656e2d757345000b7072696e7465722d757269002c6970703a2f2f7072696e7465722e6578616d706c652e636f6d2f6970702f7072696e742f70696e657472656503"`;
