// Jest Snapshot v1, https://goo.gl/fbAQLP

exports[`Get-Jobs Response 1`] = `"010100000000007b01470012617474726962757465732d6368617273657400057574662d3848001b617474726962757465732d6e61747572616c2d6c616e67756167650005656e2d757341000e7374617475732d6d657373616765000d7375636365737366756c2d6f6b022100066a6f622d69640004000000933600086a6f622d6e616d65000c000566722d63610003666f7502022100066a6f622d69640004000000943600086a6f622d6e616d650012000564652d4348000969736368206775657403"`;
