// Jest Snapshot v1, https://goo.gl/fbAQLP

exports[`Get-Jobs Request 1`] = `"0101000a0000007b01470012617474726962757465732d6368617273657400057574662d3848001b617474726962757465732d6e61747572616c2d6c616e67756167650005656e2d757345000b7072696e7465722d757269002c6970703a2f2f7072696e7465722e6578616d706c652e636f6d2f6970702f7072696e742f70696e65747265652100056c696d69740004000000324400147265717565737465642d6174747269627574657300066a6f622d696444000000086a6f622d6e616d65440000000f646f63756d656e742d666f726d617403"`;
