// Jest Snapshot v1, https://goo.gl/fbAQLP

exports[`Print-URI Request 1`] = `"010100030000000101470012617474726962757465732d6368617273657400057574662d3848001b617474726962757465732d6e61747572616c2d6c616e67756167650005656e2d757345000b7072696e7465722d757269002c6970703a2f2f7072696e7465722e6578616d706c652e636f6d2f6970702f7072696e742f70696e657472656545000c646f63756d656e742d75726900196674703a2f2f666f6f2e6578616d706c652e636f6d2f666f6f4200086a6f622d6e616d650006666f6f62617202210006636f7069657300040000000103"`;
