// Jest Snapshot v1, https://goo.gl/fbAQLP

exports[`Print-Job Response (Successful) 1`] = `"010100000000000101470012617474726962757465732d6368617273657400057574662d3848001b617474726962757465732d6e61747572616c2d6c616e67756167650005656e2d757341000e7374617475732d6d657373616765000d7375636365737366756c2d6f6b022100066a6f622d69640004000000934500076a6f622d75726900306970703a2f2f7072696e7465722e6578616d706c652e636f6d2f6970702f7072696e742f70696e65747265652f3134372300096a6f622d737461746500040000000303"`;
