// Jest Snapshot v1, https://goo.gl/fbAQLP

exports[`Print-Job Response (Success with Attributes Ignored) 1`] = `"010100010000000101470012617474726962757465732d6368617273657400057574662d3848001b617474726962757465732d6e61747572616c2d6c616e67756167650005656e2d757341000e7374617475732d6d657373616765002f7375636365737366756c2d6f6b2d69676e6f7265642d6f722d73756273746974757465642d6174747269627574657305210006636f7069657300040000001410000573696465730000022100066a6f622d69640004000000934500076a6f622d75726900306970703a2f2f7072696e7465722e6578616d706c652e636f6d2f6970702f7072696e742f70696e65747265652f3134372300096a6f622d737461746500040000000303"`;
