// Jest Snapshot v1, https://goo.gl/fbAQLP

exports[`Print-Job Response (Failure) 1`] = `"0101040b0000000101470012617474726962757465732d6368617273657400057574662d3848001b617474726962757465732d6e61747572616c2d6c616e67756167650005656e2d757341000e7374617475732d6d657373616765002f636c69656e742d6572726f722d617474726962757465732d6f722d76616c7565732d6e6f742d737570706f7274656405210006636f706965730004000000141000057369646573000003"`;
